<testsuite errors="0" failures="0" name="Django Project Tests" skips="0" tests="2" time="0.112"><testcase classname="book.tests.BookModelTestCase" name="test_crear_libro" time="0.003982" /><testcase classname="book.tests.BookViewTests" name="test_home_page" time="0.101731" /></testsuite>